// Jest Snapshot v1, https://goo.gl/fbAQLP

exports[`CompatibilityApp component renders zero issues 1`] = `
<section
  className="compatibility-app theme-sidebar inspector-tabpanel"
>
  <Accordion
    items={
      Array [
        Object {
          "component": <IssuePane
            issues={Array []}
          />,
          "header": "Selected Element",
          "id": "compatibility-app--selected-element-pane",
          "opened": true,
        },
        Object {
          "component": Array [
            <IssuePane
              issues={Array []}
            />,
            null,
          ],
          "header": "All Issues",
          "id": "compatibility-app--all-elements-pane",
          "opened": true,
        },
      ]
    }
  />
</section>
`;
