<!-- This Source Code Form is subject to the terms of the Mozilla Public
   - License, v. 2.0. If a copy of the MPL was not distributed with this
   - file, You can obtain one at http://mozilla.org/MPL/2.0/. -->

11-16-1994  17:16:00       <DIR>          .
11-16-1994  17:16:00       <DIR>          ..
11-16-1994  17:17:00       <DIR>          INSTALL
11-21-1994  10:17:00       <DIR>          CMT
05-11-1995  14:20:00                11264 DESIGN1.DOC
05-10-1995  11:01:00                 1045 README.TXT
06-21-1995  17:01:00               960338 WPKIT1.EXE
07-06-1995  14:56:00                    0 CMT.CSV
11-16-1994  17:16:00       <DIR>          .
11-16-1994  17:16:00       <DIR>          ..
11-16-1994  17:17:00       <DIR>          INSTALL
11-21-1994  10:17:00       <DIR>          CMT
05-11-1995  14:20:00                11264 DESIGN1.DOC
05-10-1995  11:01:00                 1045 README.TXT
06-21-1995  17:01:00               960338 WPKIT1.EXE
07-06-1995  14:56:00                    0 CMT.CSV
11-16-1994  17:16:00       <DIR>          .
11-16-1994  17:16:00       <DIR>          ..
11-16-1994  17:17:00       <DIR>          INSTALL
11-21-1994  10:17:00       <DIR>          CMT
05-11-1995  14:20:00                11264 DESIGN1.DOC
05-10-1995  11:01:00                 1045 README.TXT
06-21-1995  17:01:00               960338 WPKIT1.EXE
07-06-1995  14:56:00                    0 CMT.CSV
