<!-- This Source Code Form is subject to the terms of the Mozilla Public
   - License, v. 2.0. If a copy of the MPL was not distributed with this
   - file, You can obtain one at http://mozilla.org/MPL/2.0/. -->

09-16-1991  15:10:32                      LASTING.GLOBALV
09-12-1991  12:36:04                      J43401.NETLOG
09-12-1991  12:39:07                      PROFILE.EXEC
01-04-1993  20:30:47                      DIRUNIX.SCRIPT
10-14-1992  16:12:27                      MAIL.PROFILE
01-03-2000  10:11:12                      ABADY2K.DATE
11-03-2000  10:11:12                      BBADY2K.DATE
09-20-1999  10:31:11       <DIR>          AUTHORS
