<!-- This Source Code Form is subject to the terms of the Mozilla Public
   - License, v. 2.0. If a copy of the MPL was not distributed with this
   - file, You can obtain one at http://mozilla.org/MPL/2.0/. -->

04-02-1997  12:33:20                      README.ANONYMOU
08-25-1995  16:04:27                      README.ANONYOLD
09-20-1999  10:31:11       <DIR>          AUTHORS
02-12-1997  15:33:28       <DIR>          HARRINGTON
10-12-2000  15:43:23       <DIR>          PICS
07-20-2000  17:48:01       <DIR>          SYSFILE
09-20-1999  17:16:18                      WELCNVT.EXEC
12-27-1999  16:19:00                      WELCOME.EREADME
12-27-1999  16:19:04                      WELCOME.README
06-15-1997  11:15:02                      PROJECT.PDF
10-06-2000  17:20:37                      CAMPUS.TIF
10-06-2000  17:28:25                      ROTUNDA.TIF
10-06-2000  17:31:26                      STUDENT.TIF
08-06-1993  14:20:00                      CHILDREN.TXT
07-20-2000  17:47:35                      SYSFILE.VMARC
