<!-- This Source Code Form is subject to the terms of the Mozilla Public
   - License, v. 2.0. If a copy of the MPL was not distributed with this
   - file, You can obtain one at http://mozilla.org/MPL/2.0/. -->

04-11-1995  16:26:00       <DIR>          .
04-11-1995  16:26:00       <DIR>          ..
04-11-1995  16:26:00       <DIR>          ADDRESS
07-28-1995  16:45:00                  612 air_tra1.bag
08-09-1995  10:23:00                  195 Alfa1.bag
04-11-1995  16:26:00       <DIR>          ATTACH
08-09-1995  10:26:00                  372 Aussie_1.bag
06-28-1994  09:56:00               310992 INSTALL.EXE
10-19-2000  15:10:00                12345 ADOE ADIR MOZILLA.FAKEOUT
