<!-- This Source Code Form is subject to the terms of the Mozilla Public
   - License, v. 2.0. If a copy of the MPL was not distributed with this
   - file, You can obtain one at http://mozilla.org/MPL/2.0/. -->

07-01-2002  11:49:00       <DIR>          htdocs
07-02-2002  08:56:00       <DIR>          config
06-20-2002  11:23:00       <DIR>          other
06-20-2002  11:23:00       <DIR>          mail
06-20-2002  14:35:00       <DIR>          news
06-30-2002  08:48:00       <DIR>          download
05-27-1997  00:00:00                13312 19calit.doc
02-21-1997  00:00:00                  237 forfile.bat
03-03-1997  00:00:00                 1401 intertex.txt
05-15-2002  08:55:00       <DIR>          d1
05-06-2002  10:57:00       <DIR>          drivers
03-28-2002  12:05:00       <DIR>          --moved-
