<!-- This Source Code Form is subject to the terms of the Mozilla Public
   - License, v. 2.0. If a copy of the MPL was not distributed with this
   - file, You can obtain one at http://mozilla.org/MPL/2.0/. -->

03-21-1999  00:00:00       <DIR>          ..
02-16-2002  00:00:00       <DIR>          beta
05-05-2000  00:00:00                35573 CheckQ2.zip
05-05-2000  00:00:00              1550521 Ftpd106.zip
02-07-2001  00:00:00                35459 hmailbox.zip
05-05-2000  00:00:00                55463 HRxMail.zip
05-05-2000  00:00:00                34950 HRxPass.zip
05-05-2000  00:00:00              1320184 inetmail-1.2.1.pro.zip
05-05-2000  00:00:00              1218483 inetmail-1.2.1.zip
05-05-2000  00:00:00              1615428 inetmail-1.3.0.pro.zip
05-05-2000  00:00:00              1425567 inetmail-1.3.0.zip
01-09-2001  00:00:00              1629145 inetmail-1.3.18.zip
02-07-2001  00:00:00              1625314 inetmail-1.3.18a.zip
05-05-2000  00:00:00              1407069 inetmail-1.5.0.pro.zip
09-27-2000  00:00:00              1470338 inetmail-1.5.31.pro.zip
01-04-2001  00:00:00              1583435 inetmail-1.5.32.pro.zip
05-05-2000  00:00:00              1429364 inetmail-1.5.5.pro.zip
05-05-2000  00:00:00              1471373 inetmail-1.5.6.pro.zip
02-08-2001  00:00:00       <DIR>          misc
05-05-2000  00:00:00                30913 MXLookup.zip
05-02-2002  00:00:00       <DIR>          perseus
02-08-2001  00:00:00       <DIR>          rfcs
02-08-2001  00:00:00       <DIR>          scripts
02-08-2001  00:00:00       <DIR>          tcpip
05-05-2000  00:00:00       <DIR>          testcase
02-07-2001  00:00:00       <DIR>          tools
