<!-- This Source Code Form is subject to the terms of the Mozilla Public
   - License, v. 2.0. If a copy of the MPL was not distributed with this
   - file, You can obtain one at http://mozilla.org/MPL/2.0/. -->

04-28-1994  00:00:00                 1445 ANON.DAT
04-18-2002  09:39:00                   83 Copy of LABSPACE.SUM
07-11-2002  21:04:00       <DIR>          JRBUTILS
07-13-2002  02:04:00                   91 LABSPACE.SUM
07-11-2002  21:04:00       <DIR>          MAINT
07-11-2002  21:04:00       <DIR>          MISC
07-11-2002  21:04:00       <DIR>          PCOUNTER
07-11-2002  21:05:00       <DIR>          PEGASUS
08-06-2001  17:14:00                13662 VOL$LOG.ERR
09-05-1994  00:00:00                27945 WHATIS.MSC
