<!-- This Source Code Form is subject to the terms of the Mozilla Public
   - License, v. 2.0. If a copy of the MPL was not distributed with this
   - file, You can obtain one at http://mozilla.org/MPL/2.0/. -->

03-22-2002  09:21:00                 2166 default.htm
03-21-2002  14:32:00                16504 FAQs.htm
03-22-2002  10:06:00       <DIR>          FAQs_files
03-22-2002  09:22:00                  250 filelist.xml
03-21-2002  14:22:00                 1575 image001.gif
03-21-2002  14:22:00               631827 image002.jpg
03-21-2002  14:22:00                34318 image003.jpg
03-22-2002  09:30:00                 9121 MariborEnglishClubHomepage.htm
03-21-2002  14:30:00                 6710 Photos.htm
03-22-2002  10:06:00       <DIR>          Photos_files
03-22-2002  09:23:00                 5995 TOCFrame.htm
03-21-2002  14:27:00                 7226 Upcoming Events.htm
03-22-2002  10:06:00       <DIR>          Upcoming Events_files
