<!-- This Source Code Form is subject to the terms of the Mozilla Public
   - License, v. 2.0. If a copy of the MPL was not distributed with this
   - file, You can obtain one at http://mozilla.org/MPL/2.0/. -->

04-27-2002  15:21:00                  192 HEADER.html
07-11-2002  03:01:00       <DIR>          allupdates
12-05-2001  00:00:00       <DIR>          apps
10-21-2001  00:00:00       <DIR>          bsuk00
10-21-2001  00:00:00       <DIR>          bsuk2001
10-21-2001  00:00:00       <DIR>          bsuk99
10-21-2001  00:00:00       <DIR>          bsus2000
10-21-2001  00:00:00       <DIR>          bsus2001
03-27-2002  20:23:00       <DIR>          bsus2002
10-21-2001  00:00:00       <DIR>          bsus99
10-21-2001  00:00:00       <DIR>          drivers
10-24-2001  00:00:00       <DIR>          freebird
04-30-2002  13:56:00       <DIR>          kermit
10-21-2001  00:00:00       <DIR>          macipx
06-13-2002  01:45:00       <DIR>          misc
10-21-2001  00:00:00       <DIR>          netwatch
10-21-2001  00:00:00       <DIR>          netwire
10-21-2001  00:00:00       <DIR>          odi
10-21-2001  00:00:00       <DIR>          pktdrvr
03-02-2002  20:23:00       <DIR>          rfc
10-30-2001  00:00:00       <DIR>          UnixWare
10-21-2001  00:00:00       <DIR>          updates
10-30-1992  00:00:00               666258 ENCAPS10.PS
10-28-1992  00:00:00                25085 ENCAPS10.TXT
01-13-1993  00:00:00               611989 ENCAPS11.PS
01-12-1993  00:00:00                27134 ENCAPS11.TXT
01-13-1993  00:00:00                  372 README.TXT
