<!-- This Source Code Form is subject to the terms of the Mozilla Public
   - License, v. 2.0. If a copy of the MPL was not distributed with this
   - file, You can obtain one at http://mozilla.org/MPL/2.0/. -->

05-28-2002  22:17:00       <DIR>          etc
07-01-2002  02:15:00       <DIR>          incoming
07-03-2002  12:19:00       <DIR>          private
07-11-2002  01:02:00       <DIR>          pub
05-28-2002  22:24:00       <DIR>          CVC
07-31-2000  00:00:00       <DIR>          DB
05-28-2002  22:24:00       <DIR>          DNA
06-12-2002  22:13:00       <DIR>          FreeBSD
05-28-2002  22:24:00       <DIR>          OpenBSD
06-03-2002  15:51:00       <DIR>          Solaris
07-11-2002  01:02:00               158918 ls-lR
07-11-2002  01:02:00                26569 ls-lR.gz
05-28-2002  22:24:00       <DIR>          windows
06-12-2002  22:10:00       <JUNCTION>     4.6-RELEASE -> releases/i386/4.6-RELEASE
06-12-2002  22:13:00       <JUNCTION>     ISO-IMAGES -> releases/i386/ISO-IMAGES
05-28-2002  22:27:00                  157 README.TXT
09-23-2001  00:00:00               872048 cvsup-16.1e.tgz
05-28-2002  22:26:00       <JUNCTION>     distfiles -> ports/distfiles
06-06-2002  17:12:00       <JUNCTION>     packages -> ports/packages
06-23-2002  18:47:00       <DIR>          ports
05-28-2002  22:27:00       <DIR>          releases
03-15-2001  00:00:00                 1538 ftpmotd
