<!-- This Source Code Form is subject to the terms of the Mozilla Public
   - License, v. 2.0. If a copy of the MPL was not distributed with this
   - file, You can obtain one at http://mozilla.org/MPL/2.0/. -->

09-29-2001  19:45:00                25775 NOD$UPD.BAT
02-06-2002  22:03:00                 2860 AX_RUN.OVL
02-06-2002  22:03:00                 4965 B5DV_AIO.OVL
02-06-2002  22:03:00                 7843 B5DV_RUN.OVL
02-06-2002  22:03:00                 4965 B5ET_AIO.OVL
02-06-2002  22:03:00                 5589 B5ET_RUN.OVL
02-06-2002  22:03:00                 4965 B5KC_AIO.OVL
02-06-2002  22:03:00                 5042 B5KC_RUN.OVL
02-06-2002  22:03:00                 4965 BIG5_AIO.OVL
02-06-2002  22:03:00                 3710 BIG5_RUN.OVL
02-06-2002  22:03:00                 4965 CMPQ_AIO.OVL
02-06-2002  22:03:00                 2815 CMPQ_RUN.OVL
02-06-2002  22:03:00               210009 CX.EXE
02-06-2002  22:03:00                 4965 DOSV_AIO.OVL
02-06-2002  22:03:00                 3825 DOSV_RUN.OVL
02-06-2002  22:03:00                16264 ETHER.RPL
02-06-2002  22:03:00                12133 F1ETH.RPL
02-06-2002  22:03:00                 5141 FMR_AIO.OVL
02-06-2002  22:03:00                 4747 FMR_RUN.OVL
02-06-2002  22:03:00                 4965 GBCD_AIO.OVL
02-06-2002  22:03:00                 3857 GBCD_RUN.OVL
02-06-2002  22:03:00                 4965 GBET_AIO.OVL
02-06-2002  22:03:00                 5545 GBET_RUN.OVL
02-06-2002  22:03:00                 4965 GBLX_AIO.OVL
02-06-2002  22:03:00                 3913 GBLX_RUN.OVL
02-06-2002  22:03:00                 4965 GBPD_AIO.OVL
02-06-2002  22:03:00                 8019 GBPD_RUN.OVL
02-06-2002  22:03:00                 4965 GBSP_AIO.OVL
02-06-2002  22:03:00                 8141 GBSP_RUN.OVL
02-06-2002  22:03:00                 4965 GBTW_AIO.OVL
02-06-2002  22:03:00                 4152 GBTW_RUN.OVL
02-06-2002  22:03:00                 4965 GBUC_AIO.OVL
02-06-2002  22:03:00                 4033 GBUC_RUN.OVL
02-06-2002  22:03:00                 4965 GBWM_AIO.OVL
02-06-2002  22:03:00                 3710 GBWM_RUN.OVL
02-06-2002  22:03:00                 4965 GBXJ_AIO.OVL
02-06-2002  22:03:00                 3848 GBXJ_RUN.OVL
02-06-2002  22:03:00                 4965 GB_AIO.OVL
02-06-2002  22:03:00                 3710 GB_RUN.OVL
02-06-2002  22:03:00                 4965 IBM_AIO.OVL
02-06-2002  22:03:00                 2815 IBM_RUN.OVL
02-06-2002  22:03:00                 4965 J31_AIO.OVL
02-06-2002  22:03:00                 5240 J31_RUN.OVL
02-06-2002  22:03:00                 4965 KOR_AIO.OVL
02-06-2002  22:03:00                 3710 KOR_RUN.OVL
02-06-2002  22:03:00                 4965 KSC_AIO.OVL
02-06-2002  22:03:00                 3710 KSC_RUN.OVL
04-04-2002  14:19:00               311171 LOGIN.EXE
02-06-2002  22:03:00                 5167 PC98_AIO.OVL
02-06-2002  22:03:00                 7152 PC98_RUN.OVL
02-06-2002  22:03:00                10991 PCN2L.RPL
02-06-2002  22:03:00                 4965 PS55_AIO.OVL
02-06-2002  22:03:00                 3616 PS55_RUN.OVL
02-06-2002  22:03:00                 8074 RBOOT.RPL
02-06-2002  22:03:00                 9170 TEXTUTIL.IDX
02-06-2002  22:03:00                18433 TOKEN.RPL
02-06-2002  22:03:00                43549 TYPEMSG.EXE
02-06-2002  22:03:00                   27 ATTACH.BAT
02-06-2002  23:33:00               439913 NLIST.EXE
02-06-2002  22:03:00                  307 MENU_X.BAT
02-06-2002  23:33:00               269247 MAP.EXE
02-06-2002  22:03:00                 4965 AX_AIO.OVL
04-16-2002  12:20:00               111663 LOGIN3X.EXE
04-18-2002  15:19:00                   38 login.nb
04-20-2002  04:02:00               392528 NPRINTER.EXE
02-09-2002  16:29:00               311171 LOGIN4X.EXE
02-08-2002  13:18:00                 2102 lpt$cap.bat
03-13-2002  13:42:00                20614 nod$log.bat
03-12-2002  10:36:00                20450 nod$log.~ba
03-08-2002  13:30:00       <DIR>          NLS
03-08-2002  13:30:00       <DIR>          OS2
04-09-2002  16:37:00       <DIR>          NOD$LOG.DRV
04-09-2002  16:36:00       <DIR>          LOCAL
03-16-2002  14:25:00       <DIR>          local.nt4
