<!-- This Source Code Form is subject to the terms of the Mozilla Public
   - License, v. 2.0. If a copy of the MPL was not distributed with this
   - file, You can obtain one at http://mozilla.org/MPL/2.0/. -->

05-07-2001  00:00:00                   91 .banner
05-30-2000  00:00:00                    0 .notar
05-27-1999  00:00:00                  885 .welcome
07-20-2001  00:00:00                   61 30_days_changes
07-20-2001  00:00:00                   61 7_days_changes
07-20-2001  00:00:00                 1456 90_days_changes
10-07-1998  00:00:00                 3075 GettingBroadway
10-07-1998  00:00:00                 3075 GettingR6.3
02-01-1999  00:00:00                 1847 GettingR6.4
08-24-2000  00:00:00                 1378 GettingR6.5.1
04-24-2001  00:00:00                 1229 GettingR6.6
03-11-1997  00:00:00                  194 MIRROR.README
05-04-2001  00:00:00       <DIR>          R5contrib
04-24-2001  00:00:00                 1314 README
11-06-2001  00:00:00                  479 banner2
08-08-2001  00:00:00       <JUNCTION>     bin -> usr/bin
11-06-2001  00:00:00       <DIR>          contrib
08-08-2001  00:00:00       <DIR>          dev
10-12-1998  00:00:00       <DIR>          digest
08-08-2001  00:00:00       <DIR>          etc
07-20-2001  00:00:00              2135632 ls-lR
05-08-2001  00:00:00               376221 ls-lR.Z
09-29-1998  00:00:00       <DIR>          private
05-04-2001  00:00:00       <DIR>          pub
05-04-2001  00:00:00       <DIR>          rcsfaq
08-08-2001  00:00:00       <DIR>          usr
11-06-2001  00:00:00                  479 welcome.msg
05-04-2001  00:00:00       <DIR>          10R3
05-04-2001  00:00:00       <DIR>          10R4
03-02-1999  00:00:00                 9740 Contrib.howto
06-02-2001  00:00:00       <DIR>          DOCS
05-04-2001  00:00:00       <DIR>          R1
05-04-2001  00:00:00       <DIR>          R2
05-04-2001  00:00:00       <DIR>          R3
05-04-2001  00:00:00       <DIR>          R4
05-04-2001  00:00:00       <DIR>          R5
05-04-2001  00:00:00       <DIR>          R6
05-04-2001  00:00:00       <DIR>          R6.1
05-04-2001  00:00:00       <DIR>          R6.3
08-10-2001  00:00:00       <DIR>          R6.4
08-09-2001  00:00:00       <DIR>          R6.5.1
05-02-2001  00:00:00       <DIR>          R6.6
05-04-2001  00:00:00       <DIR>          unsupported
