<!-- This Source Code Form is subject to the terms of the Mozilla Public
   - License, v. 2.0. If a copy of the MPL was not distributed with this
   - file, You can obtain one at http://mozilla.org/MPL/2.0/. -->

10-17-2001  00:00:00       <DIR>          pub
05-14-2002  16:56:00       <DIR>          support
08-19-1998  00:00:00                  508 welcome.msg
