<!-- This Source Code Form is subject to the terms of the Mozilla Public
   - License, v. 2.0. If a copy of the MPL was not distributed with this
   - file, You can obtain one at http://mozilla.org/MPL/2.0/. -->

07-07-2002  21:37:00       <DIR>          cgimail
05-02-2002  17:38:00       <DIR>          dbabble
07-01-2001  00:00:00       <DIR>          dek_temp
07-01-2001  00:00:00       <DIR>          deye
02-18-2002  17:50:00       <DIR>          dfree
07-01-2001  00:00:00       <DIR>          dgate
01-31-2002  15:18:00       <DIR>          discontinued
07-07-2002  21:28:00       <DIR>          dmail
06-30-2002  17:56:00       <DIR>          dmailweb
07-10-2002  01:40:00       <DIR>          dnews
07-01-2001  00:00:00       <DIR>          dnewsweb
09-04-2001  00:00:00       <DIR>          dnotice
05-06-2002  16:58:00       <DIR>          fengate
05-28-2002  19:01:00       <DIR>          ferngate
07-01-2001  00:00:00       <DIR>          jeeves
06-27-2002  20:10:00       <DIR>          misc
07-04-2002  21:13:00       <DIR>          netauth
02-08-1999  00:00:00       <DIR>          poppassd
07-09-2002  01:39:00       <DIR>          surgeftp
07-03-2002  00:00:00       <DIR>          surgemail
07-03-2002  00:01:00       <DIR>          surgemail-enterprise
07-03-2002  00:01:00       <DIR>          surgemail-home
07-03-2002  00:01:00       <DIR>          surgemail-isp
07-03-2002  00:01:00       <DIR>          surgemail-workplace
07-04-2001  00:00:00       <DIR>          watchdog
03-21-2001  00:00:00       <DIR>          webimap
04-28-2002  21:30:00       <DIR>          webmail
06-30-2002  18:23:00       <DIR>          webnews
01-30-2002  20:31:00       <DIR>          webshareit
09-20-1999  00:00:00       <DIR>          webtwin
07-08-2002  17:07:00       <DIR>          beta
03-18-2002  15:48:00       <JUNCTION>     wmail.exe -> wmail30h.exe
02-19-2002  15:33:00              2312192 wmail30h.exe
02-21-2002  19:24:00              3360893 wmail30h_aix4.tar.Z
03-18-2002  15:47:00              3508885 wmail30h_bsdi4.tar.Z
02-19-2002  15:47:00              2693234 wmail30h_freebsd.tar.Z
02-19-2002  15:38:00              2640047 wmail30h_freebsd3.tar.Z
02-19-2002  15:43:00              2654381 wmail30h_freebsd4.tar.Z
03-18-2002  18:21:00              3005333 wmail30h_hpux.tar.Z
02-19-2002  15:52:00              2779942 wmail30h_linux.tar.Z
02-19-2002  15:58:00              2782353 wmail30h_linuxlibc6.tar.Z
02-19-2002  16:01:00              1783391 wmail30h_linuxppc.tar.gz
03-18-2002  15:47:00              2758233 wmail30h_macosx_aqua.tar.Z
03-18-2002  15:47:00              3113365 wmail30h_osf.tar.Z
04-28-2002  21:30:00              1779720 wmail30h_raq3.tar.gz
03-11-2002  16:38:00              1789173 wmail30h_raq4.tar.gz
02-19-2002  16:06:00              2846045 wmail30h_solaris.tar.Z
02-19-2002  16:11:00              2858946 wmail30h_solarisx86.tar.Z
