<!-- This Source Code Form is subject to the terms of the Mozilla Public
   - License, v. 2.0. If a copy of the MPL was not distributed with this
   - file, You can obtain one at http://mozilla.org/MPL/2.0/. -->

04-22-2009  00:00:00       <DIR>          .
04-22-2009  00:00:00       <DIR>          ..
03-13-2000  00:00:00               359807 adns-0.6-win32-01.zip
10-17-2000  00:00:00                   77 adns-0.6-win32-01.zip.md5
11-11-2000  00:00:00               218767 cfs-1.3.3-8bit-fix.r2.tgz
06-13-2000  00:00:00                 1606 cfs-1.3.3-eight-bit-fix.diff.tar.gz
10-19-2000  00:00:00                 3327 chkmailspool-1.0.tgz
10-21-2000  00:00:00                 9356 chkmailspool-1.1.tgz
02-01-2000  00:00:00                32742 iisstat-1.2.zip
10-17-2000  00:00:00                   71 iisstat-1.2.zip.md5
08-14-1999  00:00:00                27531 inshtml.zip
10-17-2000  00:00:00                   67 inshtml.zip.md5
08-14-1999  00:00:00                23780 netcps.zip
10-17-2000  00:00:00                   66 netcps.zip.md5
11-03-2001  00:00:00              1057919 openssl-0.9.6b-win32.zip
01-28-2001  00:00:00                56823 passgen-2.0.zip
05-25-1997  00:00:00               826880 warftpd-version2-public-source.zip
10-17-2000  00:00:00                   90 warftpd-version2-public-source.zip.md5
