<!-- This Source Code Form is subject to the terms of the Mozilla Public
   - License, v. 2.0. If a copy of the MPL was not distributed with this
   - file, You can obtain one at http://mozilla.org/MPL/2.0/. -->

01-30-2002  17:16:00       <DIR>          bundleup
11-08-2001  00:00:00       <DIR>          docs
11-08-2001  00:00:00       <DIR>          extending_webstar
04-25-2002  09:40:00       <DIR>          Products
01-30-2002  16:20:00       <DIR>          updates
01-30-2002  17:16:00       <DIR>          webstar_dev
05-01-2002  15:46:00       <DIR>          WebSTAR
05-13-2002  09:54:00       <DIR>          Installers
04-25-2002  09:59:00       <DIR>          Updates
04-25-2002  10:00:00       <DIR>          Plug-ins
04-06-2001  00:00:00       <DIR>          SSL
03-30-2001  00:00:00              1605421 webstar1.3.2_updater.sea.hqx
03-30-2001  00:00:00              6883859 WebSTAR211installer.sea.hqx
03-30-2001  00:00:00              7366223 WebSTAR211updater.sea.hqx
03-30-2001  00:00:00             13415184 WebSTAR302updater.sea.hqx
04-05-2001  00:00:00       <DIR>          WebSTAR_44
04-25-2002  10:00:00       <DIR>          WebSTAR_V
