<!-- This Source Code Form is subject to the terms of the Mozilla Public
   - License, v. 2.0. If a copy of the MPL was not distributed with this
   - file, You can obtain one at http://mozilla.org/MPL/2.0/. -->

02-25-2000  00:00:00       <DIR>          channel
02-25-2000  00:00:00       <DIR>          Education
02-25-2000  00:00:00       <DIR>          enterprise
06-20-2001  00:00:00       <DIR>          ISN
05-31-2001  00:00:00       <DIR>          Museum
02-14-2001  00:00:00       <DIR>          TechNet
10-24-2001  00:00:00       <DIR>          whql
02-05-2001  00:00:00       <DIR>          20Year
09-26-2000  00:00:00       <DIR>          AccessFoxPro
12-21-2000  00:00:00       <DIR>          AlbGrp
05-31-2001  00:00:00       <DIR>          Alexandra
01-19-2001  00:00:00       <DIR>          anna
04-06-2000  00:00:00       <DIR>          anz
05-10-2000  00:00:00       <DIR>          Chase Bobko2
03-29-2000  00:00:00       <DIR>          cnn
11-21-2000  00:00:00       <DIR>          Darin
03-09-2000  00:00:00       <DIR>          digitalchicago
09-06-2000  00:00:00       <DIR>          Dublin
01-30-2001  00:00:00       <DIR>          eleanorf
04-26-2001  00:00:00       <DIR>          girvin
04-26-2000  00:00:00       <DIR>          Hires
08-15-2000  00:00:00       <DIR>          HR
10-24-1999  00:00:00              4368384 IMG00022.PCD
05-18-2001  00:00:00       <DIR>          jacubowsky
10-12-2000  00:00:00       <DIR>          JFalvey
03-28-2001  00:00:00       <DIR>          johnci
07-14-2000  00:00:00       <DIR>          Karin
09-07-2000  00:00:00       <DIR>          Kjung
09-28-2000  00:00:00       <DIR>          LarryE
08-17-2000  00:00:00       <DIR>          Larson
09-12-2000  00:00:00       <DIR>          marion
08-09-2000  00:00:00       <DIR>          ms25
11-16-2000  00:00:00       <DIR>          MS25Brochure
03-29-2000  00:00:00       <DIR>          MShistory
09-05-2000  00:00:00       <DIR>          Neils
08-02-2000  00:00:00       <DIR>          NLM
09-06-2000  00:00:00       <DIR>          PageOne
06-27-2000  00:00:00       <DIR>          pccomputing
05-09-2001  00:00:00       <DIR>          pictures
07-21-2000  00:00:00       <DIR>          pranks
08-22-2000  00:00:00       <DIR>          Sean
08-10-2000  00:00:00       <DIR>          SLeong
09-07-2000  00:00:00       <DIR>          svr
07-21-2000  00:00:00       <DIR>          Transcontinental
10-23-2000  00:00:00       <DIR>          veronist
06-15-2000  00:00:00       <DIR>          zoe
07-14-2000  00:00:00              2094926 canprankdesk.tif
07-21-2000  00:00:00                95077 Jon Kauffman Enjoys the Good Life.jpg
07-21-2000  00:00:00                52275 Name Plate.jpg
07-14-2000  00:00:00              2250540 Valentineoffprank-HiRes.jpg
