<!-- This Source Code Form is subject to the terms of the Mozilla Public
   - License, v. 2.0. If a copy of the MPL was not distributed with this
   - file, You can obtain one at http://mozilla.org/MPL/2.0/. -->

07-09-2002  06:09:00             80507411 IAFA-LISTINGS
02-19-2002  14:46:00                 1393 README
03-27-2001  00:00:00       <DIR>          bin
07-16-1997  00:00:00       <DIR>          dev
05-30-2002  14:35:00       <DIR>          etc
06-10-2002  13:05:00       <DIR>          incoming
03-27-2001  00:00:00       <DIR>          lib
03-16-2001  00:00:00       <JUNCTION>     ls-lR -> IAFA-LISTINGS
05-31-2002  19:46:00       <DIR>          pub
06-26-2000  00:00:00       <DIR>          unc
07-16-1997  00:00:00       <DIR>          usr
