<!-- This Source Code Form is subject to the terms of the Mozilla Public
   - License, v. 2.0. If a copy of the MPL was not distributed with this
   - file, You can obtain one at http://mozilla.org/MPL/2.0/. -->

10-28-1994  10:05:00       <DIR>          BOURNE
07-01-2002  10:51:00                    0 FTP_SERVER.LOG
11-04-1994  14:09:00                  512 LOGIN.COM
11-14-1994  14:17:00       <DIR>          NICELY
08-07-1995  14:32:00                33792 NWLINK.386
01-27-1994  14:46:00       <DIR>          PUB
01-27-1994  14:48:00       <DIR>          ROUSSOS
09-22-1998  16:19:00               167936 S67-50903.JPG
09-22-1998  16:20:00               158720 S71-43543.JPG
07-01-1995  12:23:00       <DIR>          TEAGUE
