<!-- This Source Code Form is subject to the terms of the Mozilla Public
   - License, v. 2.0. If a copy of the MPL was not distributed with this
   - file, You can obtain one at http://mozilla.org/MPL/2.0/. -->

11-04-1994  14:09:00                  512 LOGIN.COM
01-29-1996  03:33:12               109056 CII-MANUAL.TEX
01-29-1996  03:33:12               109056 THIS-IS-A-LONG-VMS-FILENAME.WITH-CR-TO-NEXT-LINE
01-29-1996  03:33:00               109056 ANOTHER-LONG-VMS-FILENAME.WITH-LF-TO-NEXT-LINE
03-05-1993  18:09:00                  512 CMU-VMS-IP-FTP-FILE
03-05-1993  18:09:00        2199023255040 MAX_FILESIZE.FILE
